// Vitest Snapshot v1

exports[`omit > should match snapshot 1`] = `
{
  "a": 1,
  "c": 3,
}
`;
